2025-01-15T08:00:00 INFO auth request_id=req-00000
2025-01-15T08:00:17 DEBUG billing request_id=req-00001
2025-01-15T08:00:34 WARN worker request_id=req-00002
2025-01-15T08:00:51 ERROR api request_id=req-00003
2025-01-15T08:01:08 INFO auth request_id=req-00004
2025-01-15T08:01:25 DEBUG billing request_id=req-00005 user=shelbyjoyce1@example.com
2025-01-15T08:01:42 WARN worker request_id=req-00006
2025-01-15T08:01:59 ERROR api request_id=req-00007
2025-01-15T08:02:16 INFO auth request_id=req-00008
2025-01-15T08:02:33 DEBUG billing request_id=req-00009
2025-01-15T08:02:50 WARN worker request_id=req-00010
2025-01-15T08:03:07 ERROR api request_id=req-00011
2025-01-15T08:03:24 INFO auth request_id=req-00012 user=sallyfloyd2@example.com
2025-01-15T08:03:41 DEBUG billing request_id=req-00013
2025-01-15T08:03:58 WARN worker request_id=req-00014
2025-01-15T08:04:15 ERROR api request_id=req-00015
2025-01-15T08:04:32 INFO auth request_id=req-00016
2025-01-15T08:04:49 DEBUG billing request_id=req-00017
2025-01-15T08:05:06 WARN worker request_id=req-00018
2025-01-15T08:05:23 ERROR api request_id=req-00019 user=marioglenn3@example.com
2025-01-15T08:05:40 INFO auth request_id=req-00020
2025-01-15T08:05:57 DEBUG billing request_id=req-00021
2025-01-15T08:06:14 WARN worker request_id=req-00022
2025-01-15T08:06:31 ERROR api request_id=req-00023
2025-01-15T08:06:48 INFO auth request_id=req-00024
2025-01-15T08:07:05 DEBUG billing request_id=req-00025
2025-01-15T08:07:22 WARN worker request_id=req-00026 user=claytonmassey4@example.com
2025-01-15T08:07:39 ERROR api request_id=req-00027
2025-01-15T08:07:56 INFO auth request_id=req-00028
2025-01-15T08:08:13 DEBUG billing request_id=req-00029
2025-01-15T08:08:30 WARN worker request_id=req-00030
2025-01-15T08:08:47 ERROR api request_id=req-00031
2025-01-15T08:09:04 INFO auth request_id=req-00032
2025-01-15T08:09:21 DEBUG billing request_id=req-00033 user=christysavage5@example.com
2025-01-15T08:09:38 WARN worker request_id=req-00034
2025-01-15T08:09:55 ERROR api request_id=req-00035
2025-01-15T08:10:12 INFO auth request_id=req-00036
2025-01-15T08:10:29 DEBUG billing request_id=req-00037
2025-01-15T08:10:46 WARN worker request_id=req-00038
2025-01-15T08:11:03 ERROR api request_id=req-00039
2025-01-15T08:11:20 INFO auth request_id=req-00040 peer=37.78.22.165
2025-01-15T08:11:37 DEBUG billing request_id=req-00041
2025-01-15T08:11:54 WARN worker request_id=req-00042
2025-01-15T08:12:11 ERROR api request_id=req-00043
2025-01-15T08:12:28 INFO auth request_id=req-00044
2025-01-15T08:12:45 DEBUG billing request_id=req-00045
2025-01-15T08:13:02 WARN worker request_id=req-00046
2025-01-15T08:13:19 ERROR api request_id=req-00047 peer=213.52.86.21
2025-01-15T08:13:36 INFO auth request_id=req-00048
2025-01-15T08:13:53 DEBUG billing request_id=req-00049
2025-01-15T08:14:10 WARN worker request_id=req-00050
2025-01-15T08:14:27 ERROR api request_id=req-00051
2025-01-15T08:14:44 INFO auth request_id=req-00052
2025-01-15T08:15:01 DEBUG billing request_id=req-00053
2025-01-15T08:15:18 WARN worker request_id=req-00054 peer=80.193.14.1
2025-01-15T08:15:35 ERROR api request_id=req-00055
2025-01-15T08:15:52 INFO auth request_id=req-00056
2025-01-15T08:16:09 DEBUG billing request_id=req-00057
2025-01-15T08:16:26 WARN worker request_id=req-00058
2025-01-15T08:16:43 ERROR api request_id=req-00059
2025-01-15T08:17:00 INFO auth request_id=req-00060
2025-01-15T08:17:17 DEBUG billing request_id=req-00061 peer=138.94.97.19
2025-01-15T08:17:34 WARN worker request_id=req-00062
2025-01-15T08:17:51 ERROR api request_id=req-00063
2025-01-15T08:18:08 INFO auth request_id=req-00064
2025-01-15T08:18:25 DEBUG billing request_id=req-00065
2025-01-15T08:18:42 WARN worker request_id=req-00066
2025-01-15T08:18:59 ERROR api request_id=req-00067
2025-01-15T08:19:16 INFO auth request_id=req-00068 peer=160.169.110.27
2025-01-15T08:19:33 DEBUG billing request_id=req-00069
2025-01-15T08:19:50 WARN worker request_id=req-00070
2025-01-15T08:20:07 ERROR api request_id=req-00071
2025-01-15T08:20:24 INFO auth request_id=req-00072
2025-01-15T08:20:41 DEBUG billing request_id=req-00073
2025-01-15T08:20:58 WARN worker request_id=req-00074
2025-01-15T08:21:15 ERROR api request_id=req-00075 callback=(859) 241-7111
2025-01-15T08:21:32 INFO auth request_id=req-00076
2025-01-15T08:21:49 DEBUG billing request_id=req-00077
2025-01-15T08:22:06 WARN worker request_id=req-00078
2025-01-15T08:22:23 ERROR api request_id=req-00079
2025-01-15T08:22:40 INFO auth request_id=req-00080
2025-01-15T08:22:57 DEBUG billing request_id=req-00081
2025-01-15T08:23:14 WARN worker request_id=req-00082 callback=(582) 833-3536
2025-01-15T08:23:31 ERROR api request_id=req-00083
2025-01-15T08:23:48 INFO auth request_id=req-00084
2025-01-15T08:24:05 DEBUG billing request_id=req-00085
2025-01-15T08:24:22 WARN worker request_id=req-00086
2025-01-15T08:24:39 ERROR api request_id=req-00087
2025-01-15T08:24:56 INFO auth request_id=req-00088
2025-01-15T08:25:13 DEBUG billing request_id=req-00089
2025-01-15T08:25:30 WARN worker request_id=req-00090 aws_key=AKIAIOSFODNN7EXAMPLE
2025-01-15T08:25:47 ERROR api request_id=req-00091
2025-01-15T08:26:04 INFO auth request_id=req-00092
2025-01-15T08:26:21 DEBUG billing request_id=req-00093
2025-01-15T08:26:38 WARN worker request_id=req-00094
2025-01-15T08:26:55 ERROR api request_id=req-00095
2025-01-15T08:27:12 INFO auth request_id=req-00096
2025-01-15T08:27:29 DEBUG billing request_id=req-00097 token=sk-00000000000000000000000000000000
2025-01-15T08:27:46 WARN worker request_id=req-00098
2025-01-15T08:28:03 ERROR api request_id=req-00099
2025-01-15T08:28:20 INFO auth request_id=req-00100
2025-01-15T08:28:37 DEBUG billing request_id=req-00101
2025-01-15T08:28:54 WARN worker request_id=req-00102
2025-01-15T08:29:11 ERROR api request_id=req-00103
2025-01-15T08:29:28 INFO auth request_id=req-00104 token=ghp_00000000000000000000000000000000
2025-01-15T08:29:45 DEBUG billing request_id=req-00105
2025-01-15T08:30:02 WARN worker request_id=req-00106
2025-01-15T08:30:19 ERROR api request_id=req-00107
2025-01-15T08:30:36 INFO auth request_id=req-00108
2025-01-15T08:30:53 DEBUG billing request_id=req-00109
2025-01-15T08:31:10 WARN worker request_id=req-00110
2025-01-15T08:31:27 ERROR api request_id=req-00111 -----BEGIN RSA PRIVATE KEY-----
2025-01-15T08:31:44 INFO auth request_id=req-00112
2025-01-15T08:32:01 DEBUG billing request_id=req-00113
2025-01-15T08:32:18 WARN worker request_id=req-00114
2025-01-15T08:32:35 ERROR api request_id=req-00115
2025-01-15T08:32:52 INFO auth request_id=req-00116
2025-01-15T08:33:09 DEBUG billing request_id=req-00117
2025-01-15T08:33:26 WARN worker request_id=req-00118
2025-01-15T08:33:43 ERROR api request_id=req-00119
